=== PHASE 1 PREPARE BEFORE 2026-09-07T15:14:08Z ===
--- TEST DSPLIBL ---
*********************************************
* WELCOME TO PUB400.COM - your public IBM i *
* ----------------------------------------- *
* Please take note of the following:        *
* - all access is logged                    *
* - please be polite and do not disturb     *
*   other users!                            *
* - this system is of limited support       *
* - see https://pub400.com                  *
********************************************* 
 
-> Enter your password for Logon below:
 5770SS1 V7R5M0  220415                    Library List                                         26-09-07 17:14:10        Page    1
                          ASP
   Library     Type       Device      Text Description
   PUB400SYS   SYS                    $ PUB400.COM global programs
   QSYS        SYS                    System Library
   QSYS2       SYS                    System Library for CPI's
   QUSRSYS     SYS                    System Library for Users
   QHLPSYS     SYS
   QSHELL      PRD
   ASHIBATA1   CUR                    ASHIBATA (*CURLIB your current library)
   QGPL        USR                    General Purpose Library
   QTEMP       USR
   GAMES400    USR                    $ fun library
                          * * * * *  E N D  O F  L I S T I N G  * * * * *
                                                   -=* http://pub400.com *=-
--- BEFORE ASHIBATA1 ---
*********************************************
* WELCOME TO PUB400.COM - your public IBM i *
* ----------------------------------------- *
* Please take note of the following:        *
* - all access is logged                    *
* - please be polite and do not disturb     *
*   other users!                            *
* - this system is of limited support       *
* - see https://pub400.com                  *
********************************************* 
 
-> Enter your password for Logon below:
 5770SS1 V7R5M0  220415                   Display Library                                       26-09-07 17:14:13        Page    1
 Library . . . . . . . . . . . . . . . . :   ASHIBATA1
 Type  . . . . . . . . . . . . . . . . . :   PROD
 Number of objects . . . . . . . . . . . :           14
 Library ASP number  . . . . . . . . . . :       1
 Library ASP device  . . . . . . . . . . :   *SYSBAS
 Library ASP group   . . . . . . . . . . :   *SYSBAS
 Create authority  . . . . . . . . . . . :   *EXCLUDE
 Text description  . . . . . . . . . . . :   ASHIBATA (*CURLIB your current library)
   Object      Type      Attribute             Size  Description
   BUILDVCF    *PGM      CLLE                344064
   BKPA2       *FILE     SAVF               5271552
   BUILDLST    *FILE     PF                   32768
   QCBLLESRC   *FILE     PF                   16384  COBOL source files
   QCLSRC      *FILE     PF                  151552  CL source files
   QCMDSRC     *FILE     PF                   81920  COMMAND source files
   QCPPSRC     *FILE     PF                   16384  C++ Source files
   QDDSSRC     *FILE     PF                  147456  DDS source files
   QMNUSRC     *FILE     PF                  192512
   QRLUSRC     *FILE     PF                  114688
   QRPGLESRC   *FILE     PF                  499712  RPG sourc files
   QSDASRC     *FILE     PF                  294912
   VCFSAVF     *FILE     PF                 6455296
   VCFV1R3     *FILE     SAVF               5742592
                     Total size :          19558400
                   * * * * *   E N D   O F   L I S T I N G   * * * * *
                                                   -=* http://pub400.com *=-
--- BEFORE ASHIBATA2 ---
*********************************************
* WELCOME TO PUB400.COM - your public IBM i *
* ----------------------------------------- *
* Please take note of the following:        *
* - all access is logged                    *
* - please be polite and do not disturb     *
*   other users!                            *
* - this system is of limited support       *
* - see https://pub400.com                  *
********************************************* 
 
-> Enter your password for Logon below:
 5770SS1 V7R5M0  220415                   Display Library                                       26-09-07 17:14:16        Page    1
 Library . . . . . . . . . . . . . . . . :   ASHIBATA2
 Type  . . . . . . . . . . . . . . . . . :   PROD
 Number of objects . . . . . . . . . . . :           62
 Library ASP number  . . . . . . . . . . :       1
 Library ASP device  . . . . . . . . . . :   *SYSBAS
 Library ASP group   . . . . . . . . . . :   *SYSBAS
 Create authority  . . . . . . . . . . . :   *EXCLUDE
 Text description  . . . . . . . . . . . :   ASHIBATA (second library)
   Object      Type      Attribute             Size  Description
   ADDGBCMT    *PGM      RPGLE               167936
   ADDGBSTUB   *PGM      CLP                  40960
   ADDVOTE     *PGM      RPGLE               217088
   ADMADDSOFR  *PGM      RPGLE               131072
   ADMCRTEXHB  *PGM      RPGLE               208896
   ADMHIDECMT  *PGM      RPGLE               159744
   ADMLRN400   *PGM      RPGLE               180224
   ADMOFRLIST  *PGM      RPGLE               131072
   ADMSETTING  *PGM      RPGLE               143360
   ADMVOTERPT  *PGM      RPGLE               167936
   CREDITS     *PGM      RPGLE               114688
   EXHBMENU    *PGM      RPGLE               172032
   LRN400      *PGM      RPGLE               172032
   LRN400AUT   *PGM      RPGLE               151552
   LRN400STUB  *PGM      CLP                  40960
   NTRSTIT     *PGM      RPGLE               114688
   PARAMETER   *PGM      RPGLE               114688
   PRTLSTCMT   *PGM      RPGLE               135168
   PRTLSTVOTE  *PGM      RPGLE               135168
   READGBCMT   *PGM      RPGLE               167936
   READGBSTUB  *PGM      CLP                  40960
   VCFSTUB     *PGM      CLP                  40960
   VOTESTUB    *PGM      CLP                  40960
   ADMMAINQQ   *MSGF                          24576
   MAINQQ      *MSGF                          24576
   VCFMAINQQ   *MSGF                          24576
   ADMMAIN     *FILE     DSPF                  8192
   ADMSCR      *FILE     DSPF                  8192
   ADMVOTERES  *FILE     DSPF                  8192
   ASHIBATA    *FILE     PF                  143360
   AWARDDB     *FILE     PF                  131072
   BMOVDB      *FILE     PF                  122880
   BMOVSCR     *FILE     DSPF                  8192
   CMTPRTF     *FILE     PRTF                  8192
   CMTTST      *FILE     PRTF                  8192
   CREDITSSCR  *FILE     DSPF                  8192
   EXHBDB      *FILE     PF                  131072
   EXHBMENUSC  *FILE     DSPF                 16384
   GUESTBKDB   *FILE     PF                  122880
   GUESTBKSCR  *FILE     DSPF                 20480
   INTERSCR    *FILE     DSPF                  8192
   LRNAUTO     *FILE     DSPF                 12288
   LRN400SCR   *FILE     DSPF                 12288
   LRN400STR   *FILE     PF                  131072
   MAIN        *FILE     DSPF                 16384
   PASSSCR     *FILE     DSPF                  8192
   SECOFRS     *FILE     PF                  122880
                                                   -=* http://pub400.com *=-
 5770SS1 V7R5M0  220415                   Display Library                                       26-09-07 17:14:16        Page    2
 Library . . . . . . . . . . . . . . . . :   ASHIBATA2
 Type  . . . . . . . . . . . . . . . . . :   PROD
 Number of objects . . . . . . . . . . . :           62
 Library ASP number  . . . . . . . . . . :       1
 Library ASP device  . . . . . . . . . . :   *SYSBAS
 Library ASP group   . . . . . . . . . . :   *SYSBAS
 Create authority  . . . . . . . . . . . :   *EXCLUDE
 Text description  . . . . . . . . . . . :   ASHIBATA (second library)
   Object      Type      Attribute             Size  Description
   SETTINGS    *FILE     PF                  122880
   SETUPSCR    *FILE     DSPF                  8192
   TESTPRT2    *FILE     PRTF                  8192
   TESTSUITE   *FILE     DSPF                  8192
   VCFMAIN     *FILE     DSPF                 45056
   VOTEPRTF    *FILE     PRTF                  8192
   VOTESCR     *FILE     DSPF                 20480
   VOTINGDB    *FILE     PF                  122880
   STRCMTEDT   *CMD                            8192
   STREXHB     *CMD                            8192
   STREXHBEDT  *CMD                            8192
   STRVOTERPT  *CMD                            8192
   ADMMAIN     *MENU     DSPF                  8192
   MAIN        *MENU     DSPF                  8192
   VCFMAIN     *MENU     DSPF                  8192
                     Total size :           4767744
                   * * * * *   E N D   O F   L I S T I N G   * * * * *
                                                   -=* http://pub400.com *=-

=== PHASE 1 PREPARE AFTER 2026-09-07T15:23:10Z ===
--- AFTER ASHIBATA1 ---

 5770SS1 V7R5M0  220415                   Display Library                                       26-09-07 17:23:13        Page    1
 Library . . . . . . . . . . . . . . . . :   ASHIBATA1
 Type  . . . . . . . . . . . . . . . . . :   PROD
 Number of objects . . . . . . . . . . . :           14
 Library ASP number  . . . . . . . . . . :       1
 Library ASP device  . . . . . . . . . . :   *SYSBAS
 Library ASP group   . . . . . . . . . . :   *SYSBAS
 Create authority  . . . . . . . . . . . :   *EXCLUDE
 Text description  . . . . . . . . . . . :   ASHIBATA (*CURLIB your current library)
   Object      Type      Attribute             Size  Description
   BUILDVCF    *PGM      CLLE                344064
   BKPA2       *FILE     SAVF               5271552
   BUILDLST    *FILE     PF                   32768
   QCBLLESRC   *FILE     PF                   16384  COBOL source files
   QCLSRC      *FILE     PF                  151552  CL source files
   QCMDSRC     *FILE     PF                   81920  COMMAND source files
   QCPPSRC     *FILE     PF                   16384  C++ Source files
   QDDSSRC     *FILE     PF                  147456  DDS source files
   QMNUSRC     *FILE     PF                  192512
   QRLUSRC     *FILE     PF                  114688
   QRPGLESRC   *FILE     PF                  499712  RPG sourc files
   QSDASRC     *FILE     PF                  294912
   VCFSAVF     *FILE     PF                 6455296
   VCFV1R3     *FILE     SAVF               5742592
                     Total size :          19558400
                   * * * * *   E N D   O F   L I S T I N G   * * * * *
                                                   -=* http://pub400.com *=-
--- AFTER ASHIBATA2 ---

 5770SS1 V7R5M0  220415                   Display Library                                       26-09-07 17:23:15        Page    1
 Library . . . . . . . . . . . . . . . . :   ASHIBATA2
 Type  . . . . . . . . . . . . . . . . . :   PROD
 Number of objects . . . . . . . . . . . :           62
 Library ASP number  . . . . . . . . . . :       1
 Library ASP device  . . . . . . . . . . :   *SYSBAS
 Library ASP group   . . . . . . . . . . :   *SYSBAS
 Create authority  . . . . . . . . . . . :   *EXCLUDE
 Text description  . . . . . . . . . . . :   ASHIBATA (second library)
   Object      Type      Attribute             Size  Description
   ADDGBCMT    *PGM      RPGLE               167936
   ADDGBSTUB   *PGM      CLP                  40960
   ADDVOTE     *PGM      RPGLE               217088
   ADMADDSOFR  *PGM      RPGLE               131072
   ADMCRTEXHB  *PGM      RPGLE               208896
   ADMHIDECMT  *PGM      RPGLE               159744
   ADMLRN400   *PGM      RPGLE               180224
   ADMOFRLIST  *PGM      RPGLE               131072
   ADMSETTING  *PGM      RPGLE               143360
   ADMVOTERPT  *PGM      RPGLE               167936
   CREDITS     *PGM      RPGLE               114688
   EXHBMENU    *PGM      RPGLE               172032
   LRN400      *PGM      RPGLE               172032
   LRN400AUT   *PGM      RPGLE               151552
   LRN400STUB  *PGM      CLP                  40960
   NTRSTIT     *PGM      RPGLE               114688
   PARAMETER   *PGM      RPGLE               114688
   PRTLSTCMT   *PGM      RPGLE               135168
   PRTLSTVOTE  *PGM      RPGLE               135168
   READGBCMT   *PGM      RPGLE               167936
   READGBSTUB  *PGM      CLP                  40960
   VCFSTUB     *PGM      CLP                  40960
   VOTESTUB    *PGM      CLP                  40960
   ADMMAINQQ   *MSGF                          24576
   MAINQQ      *MSGF                          24576
   VCFMAINQQ   *MSGF                          24576
   ADMMAIN     *FILE     DSPF                  8192
   ADMSCR      *FILE     DSPF                  8192
   ADMVOTERES  *FILE     DSPF                  8192
   ASHIBATA    *FILE     PF                  143360
   AWARDDB     *FILE     PF                  131072
   BMOVDB      *FILE     PF                  122880
   BMOVSCR     *FILE     DSPF                  8192
   CMTPRTF     *FILE     PRTF                  8192
   CMTTST      *FILE     PRTF                  8192
   CREDITSSCR  *FILE     DSPF                  8192
   EXHBDB      *FILE     PF                  131072
   EXHBMENUSC  *FILE     DSPF                 16384
   GUESTBKDB   *FILE     PF                  122880
   GUESTBKSCR  *FILE     DSPF                 20480
   INTERSCR    *FILE     DSPF                  8192
   LRNAUTO     *FILE     DSPF                 12288
   LRN400SCR   *FILE     DSPF                 12288
   LRN400STR   *FILE     PF                  131072
   MAIN        *FILE     DSPF                 16384
   PASSSCR     *FILE     DSPF                  8192
   SECOFRS     *FILE     PF                  122880
                                                   -=* http://pub400.com *=-
 5770SS1 V7R5M0  220415                   Display Library                                       26-09-07 17:23:15        Page    2
 Library . . . . . . . . . . . . . . . . :   ASHIBATA2
 Type  . . . . . . . . . . . . . . . . . :   PROD
 Number of objects . . . . . . . . . . . :           62
 Library ASP number  . . . . . . . . . . :       1
 Library ASP device  . . . . . . . . . . :   *SYSBAS
 Library ASP group   . . . . . . . . . . :   *SYSBAS
 Create authority  . . . . . . . . . . . :   *EXCLUDE
 Text description  . . . . . . . . . . . :   ASHIBATA (second library)
   Object      Type      Attribute             Size  Description
   SETTINGS    *FILE     PF                  122880
   SETUPSCR    *FILE     DSPF                  8192
   TESTPRT2    *FILE     PRTF                  8192
   TESTSUITE   *FILE     DSPF                  8192
   VCFMAIN     *FILE     DSPF                 45056
   VOTEPRTF    *FILE     PRTF                  8192
   VOTESCR     *FILE     DSPF                 20480
   VOTINGDB    *FILE     PF                  122880
   STRCMTEDT   *CMD                            8192
   STREXHB     *CMD                            8192
   STREXHBEDT  *CMD                            8192
   STRVOTERPT  *CMD                            8192
   ADMMAIN     *MENU     DSPF                  8192
   MAIN        *MENU     DSPF                  8192
   VCFMAIN     *MENU     DSPF                  8192
                     Total size :           4767744
                   * * * * *   E N D   O F   L I S T I N G   * * * * *
                                                   -=* http://pub400.com *=-
